 gcc -g p1original.c
 gdb ./a.out
GNU gdb (Ubuntu 8.1.1-0ubuntu1) 8.1.1
Copyright (C) 2018 Free Software Foundation, Inc.
License GPLv3+: GNU GPL version 3 or later <http://gnu.org/licenses/gpl.html>
This is free software: you are free to change and redistribute it.
There is NO WARRANTY, to the extent permitted by law.  Type "show copying"
and "show warranty" for details.
This GDB was configured as "x86_64-linux-gnu".
Type "show configuration" for configuration details.
unable to run, main file "main.sh" not found
 gcc -g p1original.c
 gdb ./a.out
GNU gdb (Ubuntu 8.1.1-0ubuntu1) 8.1.1
Copyright (C) 2018 Free Software Foundation, Inc.
License GPLv3+: GNU GPL version 3 or later <http://gnu.org/licenses/gpl.html>
This is free software: you are free to change and redistribute it.
There is NO WARRANTY, to the extent permitted by law.  Type "show copying"
and "show warranty" for details.
This GDB was configured as "x86_64-linux-gnu".
Type "show configuration" for configuration details.
For bug reporting instructions, please see:
<http://www.gnu.org/software/gdb/bugs/>.
Find the GDB manual and other documentation resources online at:
<http://www.gnu.org/software/gdb/documentation/>.
For help, type "help".
Type "apropos word" to search for commands related to "word"...
Reading symbols from ./a.out...done.
(gdb) b main
Breakpoint 1 at 0x7fc: file p1original.c, line 19.
(gdb) r
Starting program: /home/runner/ppa-IA2-practice2-1/a.out 
warning: Error disabling address space randomization: Operation not permitted

Breakpoint 1, main () at p1original.c:19
19  {
(gdb) n
21    input(&base,&height);
(gdb) s
input (base=0x7fff2022af7c, height=0x7fff2022af80)
    at p1original.c:4
4     printf("enter the value of base: ");
(gdb) n
5     scanf("%f",base);
(gdb) n
enter the value of base: 2
6     printf("enter the value of height: ");
(gdb) n
7     scanf("%f",height);
(gdb) n
enter the value of height: 4
8   }
(gdb) n
main () at p1original.c:22
22    area(base,height,&t);
(gdb) s
area (base=2, height=4, area=0x7fff2022af84)
    at p1original.c:11
11    *area= 0.5*(height)*(base);
(gdb) n
12  }
(gdb) n
main () at p1original.c:23
23    output(base,height,t);
(gdb) s
output (base=2, height=4, area=4) at p1original.c:16
16    printf("area of the triangle is %f and %f is %f",base,height,area );
(gdb) n
17  } 
(gdb) n
main () at p1original.c:24
24    return 0;
(gdb) n
25  }(gdb) n
__libc_start_main (main=0x5627170007f4 <main>, argc=1, 
    argv=0x7fff2022b078, init=<optimized out>, 
    fini=<optimized out>, rtld_fini=<optimized out>, 
    stack_end=0x7fff2022b068) at ../csu/libc-start.c:344
344 ../csu/libc-start.c: No such file or directory.
(gdb) n
area of the triangle is 2.000000 and 4.000000 is 4.000000[Inferior 1 (process 223) exited normally]
(gdb) n
The program is not being run.
